<!doctype html public "-//w3c//dtd html 4.0 transitional//en">
<html><head>
<title>Static Call Graph - [.\Objects\blink_all_assembly_language.axf]</title></head>
<body><HR>
<H1>Static Call Graph for image .\Objects\blink_all_assembly_language.axf</H1><HR>
<BR><P>#&#060CALLGRAPH&#062# ARM Linker, 5060300: Last Updated: Sat Nov 23 13:54:37 2019
<BR><P>
<H3>Maximum Stack Usage =          0 bytes + Unknown(Functions without stacksize, Untraceable Function Pointers)</H3><H3>
Call chain for Maximum Stack Depth:</H3>

<P>
<H3>
Functions with no stack information
</H3><UL>
 <LI><a href="#[1]">Reset_handler</a>
</UL>
</UL>
<P>
<H3>
Function Pointers
</H3><UL>
 <LI><a href="#[1]">Reset_handler</a> from blink_all_assembly_language.o(.text) referenced from blink_all_assembly_language.o(RESET)
</UL>
<P>
<H3>
Global Symbols
</H3><P>
<H3>
Local Symbols
</H3>
<P><STRONG><a name="[1]"></a>Reset_handler</STRONG> (Thumb, 0 bytes, Stack size unknown bytes, blink_all_assembly_language.o(.text))
<P>
<H3>
Undefined Global Symbols
</H3><HR></body></html>
