<html>
<body>
<pre>
<h1>礦ision Build Log</h1>
<h2>Tool Versions:</h2>
IDE-Version: μVision V5.21.1.0
Copyright (C) 2016 ARM Ltd and ARM Germany GmbH. All rights reserved.
License Information: j dh, wu, LIC=LJWQD-89I1N-ZEZH2-9R36N-WKZDV-BTB1U
 
Tool Versions:
Toolchain:       MDK-ARM Professional  Version: 5.21a
Toolchain Path:  F:\Keil_v5\ARM\ARMCC\Bin
C Compiler:      Armcc.exe V5.06 update 3 (build 300)
Assembler:       Armasm.exe V5.06 update 3 (build 300)
Linker/Locator:  ArmLink.exe V5.06 update 3 (build 300)
Library Manager: ArmAr.exe V5.06 update 3 (build 300)
Hex Converter:   FromElf.exe V5.06 update 3 (build 300)
CPU DLL:         SARMCM3.DLL V5.21a
Dialog DLL:      DCM.DLL V1.13.8.0
Target DLL:      STLink\ST-LINKIII-KEIL_SWO.dll V2.0.18.0
Dialog DLL:      TCM.DLL V1.14.14.0
 
<h2>Project:</h2>
C:\Users\17408\Desktop\水下机器人传感技术\ph(1)\MDK-ARM\ph.uvprojx
Project File Date:  12/01/2019

<h2>Output:</h2>
*** Using Compiler 'V5.06 update 3 (build 300)', folder: 'F:\Keil_v5\ARM\ARMCC\Bin'
Build target 'ph'
assembling startup_stm32f103xb.s...
compiling stm32f1xx_it.c...
compiling crc.c...
compiling usart.c...
compiling gpio.c...
compiling stm32f1xx_hal_msp.c...
compiling sys.c...
compiling main.c...
../Src/main.c(334): warning:  #177-D: variable "chin2" was declared but never referenced
  	unsigned int chin2[4];
../Src/main.c(335): warning:  #177-D: variable "chin3" was declared but never referenced
  		unsigned int chin3[4];
../Src/main.c(336): warning:  #177-D: variable "chin4" was declared but never referenced
  		unsigned int chin4[4];
../Src/main.c(337): warning:  #177-D: variable "chin5" was declared but never referenced
  		unsigned int chin5[4];
../Src/main.c(620): warning:  #111-D: statement is unreachable
  	HAL_GPIO_WritePin(GPIOA,GPIO_PIN_0, GPIO_PIN_SET);//CS=1;
../Src/main.c: 5 warnings, 0 errors
compiling stm32f1xx_hal_gpio_ex.c...
compiling stm32f1xx_hal.c...
compiling stm32f1xx_hal_rcc_ex.c...
compiling stm32f1xx_hal_crc.c...
compiling stm32f1xx_hal_dma.c...
compiling stm32f1xx_hal_gpio.c...
compiling stm32f1xx_hal_rcc.c...
compiling stm32f1xx_hal_cortex.c...
compiling stm32f1xx_hal_tim.c...
compiling stm32f1xx_hal_tim_ex.c...
compiling stm32f1xx_hal_pwr.c...
compiling stm32f1xx_hal_flash.c...
compiling stm32f1xx_hal_flash_ex.c...
compiling stm32f1xx_hal_exti.c...
compiling system_stm32f1xx.c...
compiling stm32f1xx_hal_uart.c...
linking...
Program Size: Code=9768 RO-data=360 RW-data=40 ZI-data=1088  
FromELF: creating hex file...
"ph\ph.axf" - 0 Error(s), 5 Warning(s).

<h2>Software Packages used:</h2>

Package Vendor: ARM
                http://www.keil.com/pack/ARM.CMSIS.4.5.0.pack
                ARM::CMSIS:CORE:4.3.0
                CMSIS (Cortex Microcontroller Software Interface Standard)
   * Component: CORE Version: 4.3.0

<h2>Collection of Component include folders:</h2>
  C:\Users\17408\Desktop\水下机器人传感技术\ph(1)\MDK-ARM\RTE
  F:\Keil_v5\ARM\PACK\ARM\CMSIS\4.5.0\CMSIS\Include
  F:\Keil_v5\ARM\PACK\Keil\STM32F1xx_DFP\2.2.0\Device\Include

<h2>Collection of Component Files used:</h2>

   * Component: ARM::CMSIS:CORE:4.3.0
Build Time Elapsed:  00:00:12
</pre>
</body>
</html>
