Component: ARM Compiler 5.05 update 1 (build 106) Tool: armlink [4d0efa]

==============================================================================

Section Cross References

    one_loop.o(RESET) refers to one_loop.o(STACK) for __initial_sp
    one_loop.o(RESET) refers to one_loop.o(.text) for Reset_handler


==============================================================================

Image Symbol Table

    Local Symbols

    Symbol Name                              Value     Ov Type        Size  Object(Section)

    one_loop.s                               0x00000000   Number         0  one_loop.o ABSOLUTE
    RESET                                    0x08000000   Section        8  one_loop.o(RESET)
    .text                                    0x08000008   Section       16  one_loop.o(.text)
    Reset_handler                            0x08000009   Thumb Code     0  one_loop.o(.text)
    STACK                                    0x20000000   Section     1024  one_loop.o(STACK)
    __initial_sp                             0x20000400   Data           0  one_loop.o(STACK)

    Global Symbols

    Symbol Name                              Value     Ov Type        Size  Object(Section)

    BuildAttributes$$THM_ISAv4$P$D$K$B$S$PE$A:L22UL41UL21$X:L11$S22US41US21$IEEE1$IW$USESV6$~STKCKD$USESV7$~SHL$OSPACE$EBA8$STANDARDLIB$REQ8$PRES8$EABIv2 0x00000000   Number         0  anon$$obj.o ABSOLUTE



==============================================================================

Memory Map of the image

  Image Entry point : 0x08000009

  Load Region LR_IROM1 (Base: 0x08000000, Size: 0x00000018, Max: 0x00010000, ABSOLUTE)

    Execution Region ER_IROM1 (Base: 0x08000000, Size: 0x00000018, Max: 0x00010000, ABSOLUTE)

    Base Addr    Size         Type   Attr      Idx    E Section Name        Object

    0x08000000   0x00000008   Data   RO            2    RESET               one_loop.o
    0x08000008   0x00000010   Code   RO            3  * .text               one_loop.o


    Execution Region RW_IRAM1 (Base: 0x20000000, Size: 0x00000400, Max: 0x00005000, ABSOLUTE)

    Base Addr    Size         Type   Attr      Idx    E Section Name        Object

    0x20000000   0x00000400   Zero   RW            1    STACK               one_loop.o


==============================================================================

Image component sizes


      Code (inc. data)   RO Data    RW Data    ZI Data      Debug   Object Name

        16          0          8          0       1024        240   one_loop.o

    ----------------------------------------------------------------------
        16          0          8          0       1024        240   Object Totals
         0          0          0          0          0          0   (incl. Generated)
         0          0          0          0          0          0   (incl. Padding)

    ----------------------------------------------------------------------
         0          0          0          0          0          0   Library Totals
         0          0          0          0          0          0   (incl. Padding)

    ----------------------------------------------------------------------

==============================================================================


      Code (inc. data)   RO Data    RW Data    ZI Data      Debug   

        16          0          8          0       1024        240   Grand Totals
        16          0          8          0       1024        240   ELF Image Totals
        16          0          8          0          0          0   ROM Totals

==============================================================================

    Total RO  Size (Code + RO Data)                   24 (   0.02kB)
    Total RW  Size (RW Data + ZI Data)              1024 (   1.00kB)
    Total ROM Size (Code + RO Data + RW Data)         24 (   0.02kB)

==============================================================================

