<!doctype html public "-//w3c//dtd html 4.0 transitional//en">
<html><head>
<title>Static Call Graph - [.\Objects\one_loop.axf]</title></head>
<body><HR>
<H1>Static Call Graph for image .\Objects\one_loop.axf</H1><HR>
<BR><P>#&#060CALLGRAPH&#062# ARM Linker, 5050106: Last Updated: Tue Jun 19 22:06:00 2018
<BR><P>
<H3>Maximum Stack Usage =          0 bytes + Unknown(Functions without stacksize, Untraceable Function Pointers)</H3><H3>
Call chain for Maximum Stack Depth:</H3>

<P>
<H3>
Functions with no stack information
</H3><UL>
 <LI><a href="#[1]">Reset_handler</a>
</UL>
</UL>
<P>
<H3>
Function Pointers
</H3><UL>
 <LI><a href="#[1]">Reset_handler</a> from one_loop.o(.text) referenced from one_loop.o(RESET)
</UL>
<P>
<H3>
Global Symbols
</H3><P>
<H3>
Local Symbols
</H3>
<P><STRONG><a name="[1]"></a>Reset_handler</STRONG> (Thumb, 0 bytes, Stack size unknown bytes, one_loop.o(.text))
<P>
<H3>
Undefined Global Symbols
</H3><HR></body></html>
