<html>
<body>
<pre>
<h1>µVision Build Log</h1>
<h2>Tool Versions:</h2>
IDE-Version: ¦ÌVision V5.14.0.0
Copyright (C) 2015 ARM Ltd and ARM Germany GmbH. All rights reserved.
License Information: 1 Microsoft, Microsoft, LIC=D0DX7-EF8FP-9G070-BEHL4-UTX5D-KW3KM
 
Tool Versions:
Toolchain:       MDK-ARM Standard  Version: 5.14.0.0
Toolchain Path:  D:\stm32\core\ARM\ARMCC\Bin
C Compiler:      Armcc.exe V5.05 update 1 (build 106)
Assembler:       Armasm.exe V5.05 update 1 (build 106)
Linker/Locator:  ArmLink.exe V5.05 update 1 (build 106)
Library Manager: ArmAr.exe V5.05 update 1 (build 106)
Hex Converter:   FromElf.exe V5.05 update 1 (build 106)
CPU DLL:         SARMCM3.DLL V5.14.0.0
Dialog DLL:      DCM.DLL V1.13.1.0
Target DLL:      UL2CM3.DLL V1.155.0.0
Dialog DLL:      TCM.DLL V1.14.4.0
 
<h2>Project:</h2>
D:\stm32\¿Î³Ìday1\day2\one_loop\one_loop.uvprojx
Project File Date:  06/19/2018

<h2>Output:</h2>
Rebuild target 'Target 1'
assembling one_loop.s...
linking...
.\Objects\one_loop.sct(8): warning: L6314W: No section matches pattern *(InRoot$$Sections).
Program Size: Code=16 RO-data=8 RW-data=0 ZI-data=1024  
Finished: 0 information, 1 warning and 0 error messages.
".\Objects\one_loop.axf" - 0 Error(s), 1 Warning(s).

<h2>Collection of Component include folders:</h2>
  D:\stm32\¿Î³Ìday1\day2\one_loop\RTE
  D:\stm32\pack\Keil\STM32F1xx_DFP\2.1.0

<h2>Collection of Component Files used:</h2>
</pre>
</body>
</html>
