Component: ARM Compiler 5.06 update 3 (build 300) Tool: armlink [4d35c9]

==============================================================================

Section Cross References

    blink_all_assembly_language.o(RESET) refers to blink_all_assembly_language.o(STACK) for __initial_sp
    blink_all_assembly_language.o(RESET) refers to blink_all_assembly_language.o(.text) for Reset_handler


==============================================================================

Image Symbol Table

    Local Symbols

    Symbol Name                              Value     Ov Type        Size  Object(Section)

    blink_all_assembly_language.s            0x00000000   Number         0  blink_all_assembly_language.o ABSOLUTE
    RESET                                    0x08000000   Section        8  blink_all_assembly_language.o(RESET)
    .text                                    0x08000008   Section      132  blink_all_assembly_language.o(.text)
    Reset_handler                            0x08000009   Thumb Code     0  blink_all_assembly_language.o(.text)
    STACK                                    0x20000000   Section     1024  blink_all_assembly_language.o(STACK)
    __initial_sp                             0x20000400   Data           0  blink_all_assembly_language.o(STACK)

    Global Symbols

    Symbol Name                              Value     Ov Type        Size  Object(Section)

    BuildAttributes$$THM_ISAv4$P$D$K$B$S$PE$A:L22UL41UL21$X:L11$S22US41US21$IEEE1$IW$USESV6$~STKCKD$USESV7$~SHL$OSPACE$EBA8$STANDARDLIB$REQ8$PRES8$EABIv2 0x00000000   Number         0  anon$$obj.o ABSOLUTE



==============================================================================

Memory Map of the image

  Image Entry point : 0x08000009

  Load Region LR_IROM1 (Base: 0x08000000, Size: 0x0000008c, Max: 0x00010000, ABSOLUTE)

    Execution Region ER_IROM1 (Base: 0x08000000, Size: 0x0000008c, Max: 0x00010000, ABSOLUTE)

    Base Addr    Size         Type   Attr      Idx    E Section Name        Object

    0x08000000   0x00000008   Data   RO            2    RESET               blink_all_assembly_language.o
    0x08000008   0x00000084   Code   RO            3  * .text               blink_all_assembly_language.o


    Execution Region RW_IRAM1 (Base: 0x20000000, Size: 0x00000400, Max: 0x00005000, ABSOLUTE)

    Base Addr    Size         Type   Attr      Idx    E Section Name        Object

    0x20000000   0x00000400   Zero   RW            1    STACK               blink_all_assembly_language.o


==============================================================================

Image component sizes


      Code (inc. data)   RO Data    RW Data    ZI Data      Debug   Object Name

       132         16          8          0       1024        352   blink_all_assembly_language.o

    ----------------------------------------------------------------------
       132         16          8          0       1024        352   Object Totals
         0          0          0          0          0          0   (incl. Generated)
         0          0          0          0          0          0   (incl. Padding)

    ----------------------------------------------------------------------
         0          0          0          0          0          0   Library Totals
         0          0          0          0          0          0   (incl. Padding)

    ----------------------------------------------------------------------

==============================================================================


      Code (inc. data)   RO Data    RW Data    ZI Data      Debug   

       132         16          8          0       1024        352   Grand Totals
       132         16          8          0       1024        352   ELF Image Totals
       132         16          8          0          0          0   ROM Totals

==============================================================================

    Total RO  Size (Code + RO Data)                  140 (   0.14kB)
    Total RW  Size (RW Data + ZI Data)              1024 (   1.00kB)
    Total ROM Size (Code + RO Data + RW Data)        140 (   0.14kB)

==============================================================================

